---
# testing actions written in the "traditional" style, with all refs pointing to
# (potentially floating) semver-tagged releases.
name: semver-unpinned

on:
  push:

jobs:
  docker:
    runs-on: ubuntu-latest
    steps:
      - name: already at exact latest release
        uses: mccutchen/ghavm-test-repo@75e35fafbce9720ebaf2c4e8bf1c4950260c35c3 # v4.2.3

      - name: at latest floating major release
        uses: mccutchen/ghavm-test-repo@75e35fafbce9720ebaf2c4e8bf1c4950260c35c3 # v4.2.3

      - name: floating major release behind latest major version
        uses: mccutchen/ghavm-test-repo@fd663af41ca3473570136ee6ff8fb80adfae3565 # v2.2.3

      # make sure we find `- uses:` as first entry (i.e. without `- name:`)
      - uses: mccutchen/ghavm-test-repo@3e81467f76a58c3d7a2d6ba3801efd2f81d744e7 # v3.2.1

      - name: same action and version as previous should use cached results
        uses: mccutchen/ghavm-test-repo@3e81467f76a58c3d7a2d6ba3801efd2f81d744e7 # v3.2.1

      - name: at latest major, with point and minor upgrades available
        uses: mccutchen/ghavm-test-repo@a1c009077548b2c32b31ac1f95899ada0a4de129 # v4.1.2
